[2026-07-05T06:21:29.121Z] Starting geo-batch…
  Checkpoint: 0 ok, 0 fail, 0 processed
  Remaining: 163145 unique addresses  (already cached: 0)
  [50/163145 (0.0%)]  OK:43  FAIL:7  ETA:54.4h
  [100/163145 (0.1%)]  OK:72  FAIL:28  ETA:54.3h
  [150/163145 (0.1%)]  OK:122  FAIL:28  ETA:54.3h
  [200/163145 (0.1%)]  OK:172  FAIL:28  ETA:54.3h
  [250/163145 (0.2%)]  OK:222  FAIL:28  ETA:54.3h
  [300/163145 (0.2%)]  OK:272  FAIL:28  ETA:54.3h
  [350/163145 (0.2%)]  OK:322  FAIL:28  ETA:54.3h
  [400/163145 (0.2%)]  OK:372  FAIL:28  ETA:54.2h
  [450/163145 (0.3%)]  OK:422  FAIL:28  ETA:54.2h
FATAL: fetch failed
[2026-07-05T07:06:57.150Z] Starting geo-batch…
  Checkpoint: 422 ok, 28 fail, 450 processed
  Remaining: 162666 unique addresses  (already cached: 450)
  [500/162666 (0.3%)]  OK:472  FAIL:28  ETA:54.1h
  [550/162666 (0.3%)]  OK:521  FAIL:29  ETA:54.0h
  [600/162666 (0.4%)]  OK:571  FAIL:29  ETA:54.0h
  [650/162666 (0.4%)]  OK:618  FAIL:32  ETA:54.0h
  [700/162666 (0.4%)]  OK:632  FAIL:68  ETA:54.0h
  [750/162666 (0.5%)]  OK:638  FAIL:112  ETA:54.0h
  [800/162666 (0.5%)]  OK:641  FAIL:159  ETA:54.0h
  [850/162666 (0.5%)]  OK:646  FAIL:204  ETA:53.9h
  [900/162666 (0.6%)]  OK:653  FAIL:247  ETA:53.9h
  [950/162666 (0.6%)]  OK:659  FAIL:291  ETA:53.9h
  [1000/162666 (0.6%)]  OK:692  FAIL:308  ETA:53.9h
  [1050/162666 (0.6%)]  OK:741  FAIL:309  ETA:53.9h
  [1100/162666 (0.7%)]  OK:790  FAIL:310  ETA:53.9h
  Retry 1/2 for 34 Winmalee Road, balwyn VIC 3103, Australia... (fetch failed)
  [1150/162666 (0.7%)]  OK:840  FAIL:310  ETA:53.8h
  [1200/162666 (0.7%)]  OK:890  FAIL:310  ETA:53.8h
  [1250/162666 (0.8%)]  OK:932  FAIL:318  ETA:53.8h
  [1300/162666 (0.8%)]  OK:981  FAIL:319  ETA:53.8h
  [1350/162666 (0.8%)]  OK:1029  FAIL:321  ETA:53.8h
  [1400/162666 (0.9%)]  OK:1076  FAIL:324  ETA:53.8h
  [1450/162666 (0.9%)]  OK:1125  FAIL:325  ETA:53.7h
  Retry 1/2 for 8 Tranquillity Place, beaconsfield VIC 3807, Australia... (fetch failed)
  [1500/162666 (0.9%)]  OK:1174  FAIL:326  ETA:53.7h
  [1550/162666 (1.0%)]  OK:1221  FAIL:329  ETA:53.7h
  [1600/162666 (1.0%)]  OK:1271  FAIL:329  ETA:53.7h
  [1650/162666 (1.0%)]  OK:1321  FAIL:329  ETA:53.7h
  [1700/162666 (1.0%)]  OK:1371  FAIL:329  ETA:53.7h
  [1750/162666 (1.1%)]  OK:1421  FAIL:329  ETA:53.6h
  [1800/162666 (1.1%)]  OK:1469  FAIL:331  ETA:53.6h
  [1850/162666 (1.1%)]  OK:1519  FAIL:331  ETA:53.6h
  [1900/162666 (1.2%)]  OK:1569  FAIL:331  ETA:53.6h
  [1950/162666 (1.2%)]  OK:1619  FAIL:331  ETA:53.6h
  [2000/162666 (1.2%)]  OK:1669  FAIL:331  ETA:53.6h
  [2050/162666 (1.3%)]  OK:1709  FAIL:341  ETA:53.5h
  [2100/162666 (1.3%)]  OK:1709  FAIL:391  ETA:53.5h
  [2150/162666 (1.3%)]  OK:1709  FAIL:441  ETA:53.5h
  [2200/162666 (1.4%)]  OK:1709  FAIL:491  ETA:53.5h
  [2250/162666 (1.4%)]  OK:1709  FAIL:541  ETA:53.5h
  [2300/162666 (1.4%)]  OK:1709  FAIL:591  ETA:53.5h
  [2350/162666 (1.4%)]  OK:1723  FAIL:627  ETA:53.4h
  [2400/162666 (1.5%)]  OK:1773  FAIL:627  ETA:53.4h
  [2450/162666 (1.5%)]  OK:1823  FAIL:627  ETA:53.4h
  [2500/162666 (1.5%)]  OK:1873  FAIL:627  ETA:53.4h
  [2550/162666 (1.6%)]  OK:1923  FAIL:627  ETA:53.4h
  [2600/162666 (1.6%)]  OK:1973  FAIL:627  ETA:53.4h
  [2650/162666 (1.6%)]  OK:2023  FAIL:627  ETA:53.3h
  [2700/162666 (1.7%)]  OK:2071  FAIL:629  ETA:53.3h
  [2750/162666 (1.7%)]  OK:2121  FAIL:629  ETA:53.3h
  [2800/162666 (1.7%)]  OK:2171  FAIL:629  ETA:53.3h
  [2850/162666 (1.8%)]  OK:2221  FAIL:629  ETA:53.3h
  [2900/162666 (1.8%)]  OK:2271  FAIL:629  ETA:53.3h
  [2950/162666 (1.8%)]  OK:2321  FAIL:629  ETA:53.2h
  [3000/162666 (1.8%)]  OK:2371  FAIL:629  ETA:53.2h
  [3050/162666 (1.9%)]  OK:2421  FAIL:629  ETA:53.2h
  [3100/162666 (1.9%)]  OK:2471  FAIL:629  ETA:53.2h
  [3150/162666 (1.9%)]  OK:2521  FAIL:629  ETA:53.2h
  [3200/162666 (2.0%)]  OK:2571  FAIL:629  ETA:53.2h
  [3250/162666 (2.0%)]  OK:2621  FAIL:629  ETA:53.1h
  [3300/162666 (2.0%)]  OK:2670  FAIL:630  ETA:53.1h
  [3350/162666 (2.1%)]  OK:2713  FAIL:637  ETA:53.1h
  [3400/162666 (2.1%)]  OK:2757  FAIL:643  ETA:53.1h
  [3450/162666 (2.1%)]  OK:2807  FAIL:643  ETA:53.1h
  [3500/162666 (2.2%)]  OK:2857  FAIL:643  ETA:53.1h
  [3550/162666 (2.2%)]  OK:2907  FAIL:643  ETA:53.0h
  [3600/162666 (2.2%)]  OK:2957  FAIL:643  ETA:53.0h
  [3650/162666 (2.2%)]  OK:3007  FAIL:643  ETA:53.0h
  [3700/162666 (2.3%)]  OK:3056  FAIL:644  ETA:53.0h
  [3750/162666 (2.3%)]  OK:3102  FAIL:648  ETA:53.0h
  [3800/162666 (2.3%)]  OK:3151  FAIL:649  ETA:53.0h
  [3850/162666 (2.4%)]  OK:3198  FAIL:652  ETA:52.9h
  [3900/162666 (2.4%)]  OK:3246  FAIL:654  ETA:52.9h
  [3950/162666 (2.4%)]  OK:3294  FAIL:656  ETA:52.9h
  [4000/162666 (2.5%)]  OK:3344  FAIL:656  ETA:52.9h
  [4050/162666 (2.5%)]  OK:3392  FAIL:658  ETA:52.9h
  [4100/162666 (2.5%)]  OK:3439  FAIL:661  ETA:52.9h
  [4150/162666 (2.6%)]  OK:3486  FAIL:664  ETA:52.8h
  [4200/162666 (2.6%)]  OK:3535  FAIL:665  ETA:52.8h
  [4250/162666 (2.6%)]  OK:3585  FAIL:665  ETA:52.8h
  [4300/162666 (2.6%)]  OK:3633  FAIL:667  ETA:52.8h
  [4350/162666 (2.7%)]  OK:3683  FAIL:667  ETA:52.8h
  [4400/162666 (2.7%)]  OK:3731  FAIL:669  ETA:52.8h
  [4450/162666 (2.7%)]  OK:3762  FAIL:688  ETA:52.7h
  [4500/162666 (2.8%)]  OK:3812  FAIL:688  ETA:52.7h
  [4550/162666 (2.8%)]  OK:3861  FAIL:689  ETA:52.7h
  [4600/162666 (2.8%)]  OK:3911  FAIL:689  ETA:52.7h
  [4650/162666 (2.9%)]  OK:3960  FAIL:690  ETA:52.7h
  [4700/162666 (2.9%)]  OK:4009  FAIL:691  ETA:52.7h
  [4750/162666 (2.9%)]  OK:4059  FAIL:691  ETA:52.6h
  [4800/162666 (3.0%)]  OK:4109  FAIL:691  ETA:52.6h
  [4850/162666 (3.0%)]  OK:4159  FAIL:691  ETA:52.6h
  [4900/162666 (3.0%)]  OK:4209  FAIL:691  ETA:52.6h
  [4950/162666 (3.0%)]  OK:4258  FAIL:692  ETA:52.6h
  [5000/162666 (3.1%)]  OK:4308  FAIL:692  ETA:52.6h
  [5050/162666 (3.1%)]  OK:4358  FAIL:692  ETA:52.5h
  [5100/162666 (3.1%)]  OK:4408  FAIL:692  ETA:52.5h
  [5150/162666 (3.2%)]  OK:4458  FAIL:692  ETA:52.5h
  [5200/162666 (3.2%)]  OK:4508  FAIL:692  ETA:52.5h
  [5250/162666 (3.2%)]  OK:4558  FAIL:692  ETA:52.5h
  [5300/162666 (3.3%)]  OK:4606  FAIL:694  ETA:52.5h
  [5350/162666 (3.3%)]  OK:4656  FAIL:694  ETA:52.4h
  [5400/162666 (3.3%)]  OK:4706  FAIL:694  ETA:52.4h
  [5450/162666 (3.4%)]  OK:4756  FAIL:694  ETA:52.4h
  [5500/162666 (3.4%)]  OK:4806  FAIL:694  ETA:52.4h
  [5550/162666 (3.4%)]  OK:4856  FAIL:694  ETA:52.4h
  [5600/162666 (3.4%)]  OK:4905  FAIL:695  ETA:52.4h
  [5650/162666 (3.5%)]  OK:4954  FAIL:696  ETA:52.3h
  [5700/162666 (3.5%)]  OK:5000  FAIL:700  ETA:52.3h
  [5750/162666 (3.5%)]  OK:5043  FAIL:707  ETA:52.3h
  [5800/162666 (3.6%)]  OK:5093  FAIL:707  ETA:52.3h
  [5850/162666 (3.6%)]  OK:5143  FAIL:707  ETA:52.3h
  [5900/162666 (3.6%)]  OK:5193  FAIL:707  ETA:52.3h
  [5950/162666 (3.7%)]  OK:5242  FAIL:708  ETA:52.2h
  [6000/162666 (3.7%)]  OK:5292  FAIL:708  ETA:52.2h
  [6050/162666 (3.7%)]  OK:5342  FAIL:708  ETA:52.2h
  [6100/162666 (3.8%)]  OK:5392  FAIL:708  ETA:52.2h
  [6150/162666 (3.8%)]  OK:5441  FAIL:709  ETA:52.2h
  [6200/162666 (3.8%)]  OK:5491  FAIL:709  ETA:52.2h
  [6250/162666 (3.8%)]  OK:5541  FAIL:709  ETA:52.1h
  [6300/162666 (3.9%)]  OK:5590  FAIL:710  ETA:52.1h
  [6350/162666 (3.9%)]  OK:5640  FAIL:710  ETA:52.1h
  [6400/162666 (3.9%)]  OK:5689  FAIL:711  ETA:52.1h
  [6450/162666 (4.0%)]  OK:5739  FAIL:711  ETA:52.1h
  [6500/162666 (4.0%)]  OK:5788  FAIL:712  ETA:52.1h
  [6550/162666 (4.0%)]  OK:5838  FAIL:712  ETA:52.0h
  [6600/162666 (4.1%)]  OK:5851  FAIL:749  ETA:52.0h
  [6650/162666 (4.1%)]  OK:5851  FAIL:799  ETA:52.0h
  [6700/162666 (4.1%)]  OK:5851  FAIL:849  ETA:52.0h
  [6750/162666 (4.1%)]  OK:5851  FAIL:899  ETA:52.0h
  [6800/162666 (4.2%)]  OK:5851  FAIL:949  ETA:52.0h
  [6850/162666 (4.2%)]  OK:5851  FAIL:999  ETA:51.9h
  [6900/162666 (4.2%)]  OK:5851  FAIL:1049  ETA:51.9h
  [6950/162666 (4.3%)]  OK:5851  FAIL:1099  ETA:51.9h
  [7000/162666 (4.3%)]  OK:5880  FAIL:1120  ETA:51.9h
  [7050/162666 (4.3%)]  OK:5926  FAIL:1124  ETA:51.9h
  [7100/162666 (4.4%)]  OK:5976  FAIL:1124  ETA:51.9h
  [7150/162666 (4.4%)]  OK:6026  FAIL:1124  ETA:51.8h
  [7200/162666 (4.4%)]  OK:6076  FAIL:1124  ETA:51.8h
  [7250/162666 (4.5%)]  OK:6126  FAIL:1124  ETA:51.8h
  [7300/162666 (4.5%)]  OK:6176  FAIL:1124  ETA:51.8h
  [7350/162666 (4.5%)]  OK:6226  FAIL:1124  ETA:51.8h
  [7400/162666 (4.5%)]  OK:6276  FAIL:1124  ETA:51.8h
  [7450/162666 (4.6%)]  OK:6326  FAIL:1124  ETA:51.7h
  [7500/162666 (4.6%)]  OK:6371  FAIL:1129  ETA:51.7h
  [7550/162666 (4.6%)]  OK:6418  FAIL:1132  ETA:51.7h
  [7600/162666 (4.7%)]  OK:6467  FAIL:1133  ETA:51.7h
  [7650/162666 (4.7%)]  OK:6509  FAIL:1141  ETA:51.7h
  [7700/162666 (4.7%)]  OK:6559  FAIL:1141  ETA:51.7h
  [7750/162666 (4.8%)]  OK:6609  FAIL:1141  ETA:51.6h
  [7800/162666 (4.8%)]  OK:6659  FAIL:1141  ETA:51.6h
  [7850/162666 (4.8%)]  OK:6709  FAIL:1141  ETA:51.6h
  [7900/162666 (4.9%)]  OK:6758  FAIL:1142  ETA:51.6h
  [7950/162666 (4.9%)]  OK:6807  FAIL:1143  ETA:51.6h
  [8000/162666 (4.9%)]  OK:6856  FAIL:1144  ETA:51.6h
  [8050/162666 (4.9%)]  OK:6906  FAIL:1144  ETA:51.5h
  [8100/162666 (5.0%)]  OK:6953  FAIL:1147  ETA:51.5h
  [8150/162666 (5.0%)]  OK:7002  FAIL:1148  ETA:51.5h
  [8200/162666 (5.0%)]  OK:7052  FAIL:1148  ETA:51.5h
  [8250/162666 (5.1%)]  OK:7102  FAIL:1148  ETA:51.5h
  [8300/162666 (5.1%)]  OK:7152  FAIL:1148  ETA:51.5h
  [8350/162666 (5.1%)]  OK:7201  FAIL:1149  ETA:51.4h
  [8400/162666 (5.2%)]  OK:7251  FAIL:1149  ETA:51.4h
  [8450/162666 (5.2%)]  OK:7301  FAIL:1149  ETA:51.4h
  [8500/162666 (5.2%)]  OK:7329  FAIL:1171  ETA:51.4h
  [8550/162666 (5.3%)]  OK:7379  FAIL:1171  ETA:51.4h
  [8600/162666 (5.3%)]  OK:7429  FAIL:1171  ETA:51.4h
  [8650/162666 (5.3%)]  OK:7477  FAIL:1173  ETA:51.3h
  [8700/162666 (5.3%)]  OK:7524  FAIL:1176  ETA:51.3h
  [8750/162666 (5.4%)]  OK:7574  FAIL:1176  ETA:51.3h
  [8800/162666 (5.4%)]  OK:7623  FAIL:1177  ETA:51.3h
  [8850/162666 (5.4%)]  OK:7673  FAIL:1177  ETA:51.3h
  [8900/162666 (5.5%)]  OK:7722  FAIL:1178  ETA:51.3h
  [8950/162666 (5.5%)]  OK:7772  FAIL:1178  ETA:51.2h
  [9000/162666 (5.5%)]  OK:7822  FAIL:1178  ETA:51.2h
  [9050/162666 (5.6%)]  OK:7872  FAIL:1178  ETA:51.2h
  [9100/162666 (5.6%)]  OK:7922  FAIL:1178  ETA:51.2h
  [9150/162666 (5.6%)]  OK:7972  FAIL:1178  ETA:51.2h
  [9200/162666 (5.7%)]  OK:8022  FAIL:1178  ETA:51.2h
  [9250/162666 (5.7%)]  OK:8071  FAIL:1179  ETA:51.1h
  [9300/162666 (5.7%)]  OK:8120  FAIL:1180  ETA:51.1h
  [9350/162666 (5.7%)]  OK:8168  FAIL:1182  ETA:51.1h
  [9400/162666 (5.8%)]  OK:8217  FAIL:1183  ETA:51.1h
  [9450/162666 (5.8%)]  OK:8244  FAIL:1206  ETA:51.1h
  [9500/162666 (5.8%)]  OK:8288  FAIL:1212  ETA:51.1h
  [9550/162666 (5.9%)]  OK:8338  FAIL:1212  ETA:51.0h
  [9600/162666 (5.9%)]  OK:8388  FAIL:1212  ETA:51.0h
  [9650/162666 (5.9%)]  OK:8438  FAIL:1212  ETA:51.0h
  [9700/162666 (6.0%)]  OK:8488  FAIL:1212  ETA:51.0h
  [9750/162666 (6.0%)]  OK:8538  FAIL:1212  ETA:51.0h
  [9800/162666 (6.0%)]  OK:8588  FAIL:1212  ETA:51.0h
  HTTP 503 for 6 Kilto Street, box hill north VIC 3129, Australia...
  [9850/162666 (6.1%)]  OK:8637  FAIL:1213  ETA:50.9h
  HTTP 503 for 792A Station Street, box hill north VIC 3129, Australia...
  [9900/162666 (6.1%)]  OK:8684  FAIL:1216  ETA:50.9h
  HTTP 503 for 28 Monash Street, box hill south VIC 3128, Australia...
  HTTP 503 for 356 Station Street, box hill south VIC 3128, Australia...
  HTTP 503 for 378 Station Street, box hill south VIC 3128, Australia...
  [9950/162666 (6.1%)]  OK:8731  FAIL:1219  ETA:50.9h
  [10000/162666 (6.1%)]  OK:8781  FAIL:1219  ETA:50.9h
  [10050/162666 (6.2%)]  OK:8831  FAIL:1219  ETA:50.9h
  [10100/162666 (6.2%)]  OK:8881  FAIL:1219  ETA:50.9h
  [10150/162666 (6.2%)]  OK:8931  FAIL:1219  ETA:50.8h
  [10200/162666 (6.3%)]  OK:8981  FAIL:1219  ETA:50.8h
  [10250/162666 (6.3%)]  OK:9031  FAIL:1219  ETA:50.8h
  [10300/162666 (6.3%)]  OK:9080  FAIL:1220  ETA:50.8h
  [10350/162666 (6.4%)]  OK:9089  FAIL:1261  ETA:50.8h
  [10400/162666 (6.4%)]  OK:9089  FAIL:1311  ETA:50.8h
  [10450/162666 (6.4%)]  OK:9089  FAIL:1361  ETA:50.7h
  [10500/162666 (6.5%)]  OK:9089  FAIL:1411  ETA:50.7h
  [10550/162666 (6.5%)]  OK:9089  FAIL:1461  ETA:50.7h
  [10600/162666 (6.5%)]  OK:9089  FAIL:1511  ETA:50.7h
  [10650/162666 (6.5%)]  OK:9089  FAIL:1561  ETA:50.7h
  [10700/162666 (6.6%)]  OK:9089  FAIL:1611  ETA:50.7h
  [10750/162666 (6.6%)]  OK:9093  FAIL:1657  ETA:50.6h
  [10800/162666 (6.6%)]  OK:9142  FAIL:1658  ETA:50.6h
  [10850/162666 (6.7%)]  OK:9190  FAIL:1660  ETA:50.6h
  [10900/162666 (6.7%)]  OK:9237  FAIL:1663  ETA:50.6h
  [10950/162666 (6.7%)]  OK:9286  FAIL:1664  ETA:50.6h
  [11000/162666 (6.8%)]  OK:9336  FAIL:1664  ETA:50.6h
  [11050/162666 (6.8%)]  OK:9386  FAIL:1664  ETA:50.5h
  [11100/162666 (6.8%)]  OK:9436  FAIL:1664  ETA:50.5h
  [11150/162666 (6.9%)]  OK:9485  FAIL:1665  ETA:50.5h
  [11200/162666 (6.9%)]  OK:9535  FAIL:1665  ETA:50.5h
  [11250/162666 (6.9%)]  OK:9585  FAIL:1665  ETA:50.5h
  [11300/162666 (6.9%)]  OK:9628  FAIL:1672  ETA:50.5h
  [11350/162666 (7.0%)]  OK:9677  FAIL:1673  ETA:50.4h
  [11400/162666 (7.0%)]  OK:9727  FAIL:1673  ETA:50.4h
  [11450/162666 (7.0%)]  OK:9776  FAIL:1674  ETA:50.4h
  [11500/162666 (7.1%)]  OK:9826  FAIL:1674  ETA:50.4h
  [11550/162666 (7.1%)]  OK:9864  FAIL:1686  ETA:50.4h
  [11600/162666 (7.1%)]  OK:9914  FAIL:1686  ETA:50.4h
  [11650/162666 (7.2%)]  OK:9964  FAIL:1686  ETA:50.3h
  [11700/162666 (7.2%)]  OK:10012  FAIL:1688  ETA:50.3h
  [11750/162666 (7.2%)]  OK:10061  FAIL:1689  ETA:50.3h
  [11800/162666 (7.3%)]  OK:10111  FAIL:1689  ETA:50.3h
  [11850/162666 (7.3%)]  OK:10161  FAIL:1689  ETA:50.3h
  [11900/162666 (7.3%)]  OK:10211  FAIL:1689  ETA:50.3h
  [11950/162666 (7.3%)]  OK:10260  FAIL:1690  ETA:50.2h
  [12000/162666 (7.4%)]  OK:10310  FAIL:1690  ETA:50.2h
  [12050/162666 (7.4%)]  OK:10360  FAIL:1690  ETA:50.2h
  [12100/162666 (7.4%)]  OK:10410  FAIL:1690  ETA:50.2h
  [12150/162666 (7.5%)]  OK:10459  FAIL:1691  ETA:50.2h
  [12200/162666 (7.5%)]  OK:10509  FAIL:1691  ETA:50.2h
  [12250/162666 (7.5%)]  OK:10557  FAIL:1693  ETA:50.1h
  [12300/162666 (7.6%)]  OK:10607  FAIL:1693  ETA:50.1h
  [12350/162666 (7.6%)]  OK:10657  FAIL:1693  ETA:50.1h
  [12400/162666 (7.6%)]  OK:10707  FAIL:1693  ETA:50.1h
  [12450/162666 (7.7%)]  OK:10757  FAIL:1693  ETA:50.1h
  [12500/162666 (7.7%)]  OK:10807  FAIL:1693  ETA:50.1h
  [12550/162666 (7.7%)]  OK:10857  FAIL:1693  ETA:50.0h
  [12600/162666 (7.7%)]  OK:10906  FAIL:1694  ETA:50.0h
  [12650/162666 (7.8%)]  OK:10954  FAIL:1696  ETA:50.0h
  [12700/162666 (7.8%)]  OK:11004  FAIL:1696  ETA:50.0h
  [12750/162666 (7.8%)]  OK:11054  FAIL:1696  ETA:50.0h
  [12800/162666 (7.9%)]  OK:11104  FAIL:1696  ETA:50.0h
  [12850/162666 (7.9%)]  OK:11153  FAIL:1697  ETA:49.9h
  [12900/162666 (7.9%)]  OK:11203  FAIL:1697  ETA:49.9h
  [12950/162666 (8.0%)]  OK:11253  FAIL:1697  ETA:49.9h
  [13000/162666 (8.0%)]  OK:11303  FAIL:1697  ETA:49.9h
  [13050/162666 (8.0%)]  OK:11353  FAIL:1697  ETA:49.9h
  [13100/162666 (8.1%)]  OK:11401  FAIL:1699  ETA:49.9h
  [13150/162666 (8.1%)]  OK:11450  FAIL:1700  ETA:49.8h
  [13200/162666 (8.1%)]  OK:11500  FAIL:1700  ETA:49.8h
  [13250/162666 (8.1%)]  OK:11550  FAIL:1700  ETA:49.8h
  [13300/162666 (8.2%)]  OK:11575  FAIL:1725  ETA:49.8h
  [13350/162666 (8.2%)]  OK:11624  FAIL:1726  ETA:49.8h
  [13400/162666 (8.2%)]  OK:11674  FAIL:1726  ETA:49.8h
  [13450/162666 (8.3%)]  OK:11722  FAIL:1728  ETA:49.7h
  [13500/162666 (8.3%)]  OK:11771  FAIL:1729  ETA:49.7h
  [13550/162666 (8.3%)]  OK:11821  FAIL:1729  ETA:49.7h
  [13600/162666 (8.4%)]  OK:11871  FAIL:1729  ETA:49.7h
  [13650/162666 (8.4%)]  OK:11920  FAIL:1730  ETA:49.7h
  [13700/162666 (8.4%)]  OK:11966  FAIL:1734  ETA:49.7h
  [13750/162666 (8.5%)]  OK:12014  FAIL:1736  ETA:49.6h
  [13800/162666 (8.5%)]  OK:12064  FAIL:1736  ETA:49.6h
  [13850/162666 (8.5%)]  OK:12114  FAIL:1736  ETA:49.6h
  [13900/162666 (8.5%)]  OK:12162  FAIL:1738  ETA:49.6h
  [13950/162666 (8.6%)]  OK:12211  FAIL:1739  ETA:49.6h
  [14000/162666 (8.6%)]  OK:12261  FAIL:1739  ETA:49.6h
  [14050/162666 (8.6%)]  OK:12310  FAIL:1740  ETA:49.5h
  [14100/162666 (8.7%)]  OK:12360  FAIL:1740  ETA:49.5h
  [14150/162666 (8.7%)]  OK:12409  FAIL:1741  ETA:49.5h
  [14200/162666 (8.7%)]  OK:12459  FAIL:1741  ETA:49.5h
  [14250/162666 (8.8%)]  OK:12508  FAIL:1742  ETA:49.5h
  [14300/162666 (8.8%)]  OK:12558  FAIL:1742  ETA:49.5h
  [14350/162666 (8.8%)]  OK:12593  FAIL:1757  ETA:49.4h
  [14400/162666 (8.9%)]  OK:12634  FAIL:1766  ETA:49.4h
  [14450/162666 (8.9%)]  OK:12684  FAIL:1766  ETA:49.4h
  [14500/162666 (8.9%)]  OK:12734  FAIL:1766  ETA:49.4h
  [14550/162666 (8.9%)]  OK:12781  FAIL:1769  ETA:49.4h
  [14600/162666 (9.0%)]  OK:12831  FAIL:1769  ETA:49.4h
  [14650/162666 (9.0%)]  OK:12881  FAIL:1769  ETA:49.3h
  [14700/162666 (9.0%)]  OK:12930  FAIL:1770  ETA:49.3h
  [14750/162666 (9.1%)]  OK:12980  FAIL:1770  ETA:49.3h
  [14800/162666 (9.1%)]  OK:13019  FAIL:1781  ETA:49.3h
  [14850/162666 (9.1%)]  OK:13069  FAIL:1781  ETA:49.3h
  [14900/162666 (9.2%)]  OK:13116  FAIL:1784  ETA:49.3h
  [14950/162666 (9.2%)]  OK:13161  FAIL:1789  ETA:49.2h
  [15000/162666 (9.2%)]  OK:13211  FAIL:1789  ETA:49.2h
  [15050/162666 (9.3%)]  OK:13261  FAIL:1789  ETA:49.2h
  [15100/162666 (9.3%)]  OK:13311  FAIL:1789  ETA:49.2h
  [15150/162666 (9.3%)]  OK:13356  FAIL:1794  ETA:49.2h
  [15200/162666 (9.3%)]  OK:13406  FAIL:1794  ETA:49.2h
  [15250/162666 (9.4%)]  OK:13454  FAIL:1796  ETA:49.1h
  [15300/162666 (9.4%)]  OK:13504  FAIL:1796  ETA:49.1h
  [15350/162666 (9.4%)]  OK:13554  FAIL:1796  ETA:49.1h
  [15400/162666 (9.5%)]  OK:13600  FAIL:1800  ETA:49.1h
  [15450/162666 (9.5%)]  OK:13650  FAIL:1800  ETA:49.1h
  [15500/162666 (9.5%)]  OK:13696  FAIL:1804  ETA:49.1h
  [15550/162666 (9.6%)]  OK:13744  FAIL:1806  ETA:49.0h
  [15600/162666 (9.6%)]  OK:13791  FAIL:1809  ETA:49.0h
  [15650/162666 (9.6%)]  OK:13841  FAIL:1809  ETA:49.0h
  [15700/162666 (9.7%)]  OK:13888  FAIL:1812  ETA:49.0h
  [15750/162666 (9.7%)]  OK:13938  FAIL:1812  ETA:49.0h
  [15800/162666 (9.7%)]  OK:13983  FAIL:1817  ETA:49.0h
  [15850/162666 (9.7%)]  OK:14031  FAIL:1819  ETA:48.9h
  [15900/162666 (9.8%)]  OK:14075  FAIL:1825  ETA:48.9h
  [15950/162666 (9.8%)]  OK:14116  FAIL:1834  ETA:48.9h
  [16000/162666 (9.8%)]  OK:14161  FAIL:1839  ETA:48.9h
  [16050/162666 (9.9%)]  OK:14206  FAIL:1844  ETA:48.9h
  [16100/162666 (9.9%)]  OK:14249  FAIL:1851  ETA:48.9h
  [16150/162666 (9.9%)]  OK:14288  FAIL:1862  ETA:48.8h
  [16200/162666 (10.0%)]  OK:14332  FAIL:1868  ETA:48.8h
  [16250/162666 (10.0%)]  OK:14379  FAIL:1871  ETA:48.8h
  [16300/162666 (10.0%)]  OK:14401  FAIL:1899  ETA:48.8h
  [16350/162666 (10.1%)]  OK:14451  FAIL:1899  ETA:48.8h
  [16400/162666 (10.1%)]  OK:14501  FAIL:1899  ETA:48.8h
  [16450/162666 (10.1%)]  OK:14550  FAIL:1900  ETA:48.7h
  [16500/162666 (10.1%)]  OK:14599  FAIL:1901  ETA:48.7h
  [16550/162666 (10.2%)]  OK:14646  FAIL:1904  ETA:48.7h
  [16600/162666 (10.2%)]  OK:14696  FAIL:1904  ETA:48.7h
  [16650/162666 (10.2%)]  OK:14745  FAIL:1905  ETA:48.7h
  [16700/162666 (10.3%)]  OK:14794  FAIL:1906  ETA:48.7h
  [16750/162666 (10.3%)]  OK:14826  FAIL:1924  ETA:48.6h
  [16800/162666 (10.3%)]  OK:14876  FAIL:1924  ETA:48.6h
  [16850/162666 (10.4%)]  OK:14926  FAIL:1924  ETA:48.6h
  [16900/162666 (10.4%)]  OK:14976  FAIL:1924  ETA:48.6h
  [16950/162666 (10.4%)]  OK:15026  FAIL:1924  ETA:48.6h
  [17000/162666 (10.5%)]  OK:15076  FAIL:1924  ETA:48.6h
  [17050/162666 (10.5%)]  OK:15126  FAIL:1924  ETA:48.5h
  [17100/162666 (10.5%)]  OK:15176  FAIL:1924  ETA:48.5h
  [17150/162666 (10.5%)]  OK:15226  FAIL:1924  ETA:48.5h
  [17200/162666 (10.6%)]  OK:15256  FAIL:1944  ETA:48.5h
  [17250/162666 (10.6%)]  OK:15256  FAIL:1994  ETA:48.5h
  [17300/162666 (10.6%)]  OK:15256  FAIL:2044  ETA:48.5h
  [17350/162666 (10.7%)]  OK:15256  FAIL:2094  ETA:48.4h
  [17400/162666 (10.7%)]  OK:15256  FAIL:2144  ETA:48.4h
  [17450/162666 (10.7%)]  OK:15256  FAIL:2194  ETA:48.4h
  [17500/162666 (10.8%)]  OK:15256  FAIL:2244  ETA:48.4h
  [17550/162666 (10.8%)]  OK:15256  FAIL:2294  ETA:48.4h
  [17600/162666 (10.8%)]  OK:15256  FAIL:2344  ETA:48.4h
  [17650/162666 (10.9%)]  OK:15289  FAIL:2361  ETA:48.3h
  [17700/162666 (10.9%)]  OK:15339  FAIL:2361  ETA:48.3h
  [17750/162666 (10.9%)]  OK:15389  FAIL:2361  ETA:48.3h
  [17800/162666 (10.9%)]  OK:15439  FAIL:2361  ETA:48.3h
  [17850/162666 (11.0%)]  OK:15481  FAIL:2369  ETA:48.3h
  [17900/162666 (11.0%)]  OK:15526  FAIL:2374  ETA:48.3h
  [17950/162666 (11.0%)]  OK:15575  FAIL:2375  ETA:48.2h
  [18000/162666 (11.1%)]  OK:15624  FAIL:2376  ETA:48.2h
  [18050/162666 (11.1%)]  OK:15674  FAIL:2376  ETA:48.2h
  [18100/162666 (11.1%)]  OK:15724  FAIL:2376  ETA:48.2h
  [18150/162666 (11.2%)]  OK:15773  FAIL:2377  ETA:48.2h
  [18200/162666 (11.2%)]  OK:15819  FAIL:2381  ETA:48.2h
  [18250/162666 (11.2%)]  OK:15864  FAIL:2386  ETA:48.1h
  [18300/162666 (11.3%)]  OK:15914  FAIL:2386  ETA:48.1h
  [18350/162666 (11.3%)]  OK:15964  FAIL:2386  ETA:48.1h
  [18400/162666 (11.3%)]  OK:16014  FAIL:2386  ETA:48.1h
  [18450/162666 (11.3%)]  OK:16064  FAIL:2386  ETA:48.1h
  [18500/162666 (11.4%)]  OK:16113  FAIL:2387  ETA:48.1h
  [18550/162666 (11.4%)]  OK:16163  FAIL:2387  ETA:48.0h
  [18600/162666 (11.4%)]  OK:16213  FAIL:2387  ETA:48.0h
  [18650/162666 (11.5%)]  OK:16263  FAIL:2387  ETA:48.0h
  [18700/162666 (11.5%)]  OK:16313  FAIL:2387  ETA:48.0h
  [18750/162666 (11.5%)]  OK:16363  FAIL:2387  ETA:48.0h
  [18800/162666 (11.6%)]  OK:16413  FAIL:2387  ETA:48.0h
  [18850/162666 (11.6%)]  OK:16462  FAIL:2388  ETA:47.9h
  [18900/162666 (11.6%)]  OK:16512  FAIL:2388  ETA:47.9h
  [18950/162666 (11.6%)]  OK:16562  FAIL:2388  ETA:47.9h
  [19000/162666 (11.7%)]  OK:16612  FAIL:2388  ETA:47.9h
  [19050/162666 (11.7%)]  OK:16661  FAIL:2389  ETA:47.9h
  [19100/162666 (11.7%)]  OK:16699  FAIL:2401  ETA:47.9h
  [19150/162666 (11.8%)]  OK:16748  FAIL:2402  ETA:47.8h
  [19200/162666 (11.8%)]  OK:16794  FAIL:2406  ETA:47.8h
  [19250/162666 (11.8%)]  OK:16843  FAIL:2407  ETA:47.8h
  [19300/162666 (11.9%)]  OK:16891  FAIL:2409  ETA:47.8h
  [19350/162666 (11.9%)]  OK:16941  FAIL:2409  ETA:47.8h
  [19400/162666 (11.9%)]  OK:16991  FAIL:2409  ETA:47.8h
  [19450/162666 (12.0%)]  OK:17038  FAIL:2412  ETA:47.7h
  [19500/162666 (12.0%)]  OK:17088  FAIL:2412  ETA:47.7h
  [19550/162666 (12.0%)]  OK:17137  FAIL:2413  ETA:47.7h
  [19600/162666 (12.0%)]  OK:17182  FAIL:2418  ETA:47.7h
  [19650/162666 (12.1%)]  OK:17232  FAIL:2418  ETA:47.7h
  [19700/162666 (12.1%)]  OK:17280  FAIL:2420  ETA:47.7h
  [19750/162666 (12.1%)]  OK:17323  FAIL:2427  ETA:47.6h
  [19800/162666 (12.2%)]  OK:17372  FAIL:2428  ETA:47.6h
  [19850/162666 (12.2%)]  OK:17415  FAIL:2435  ETA:47.6h
  [19900/162666 (12.2%)]  OK:17463  FAIL:2437  ETA:47.6h
  [19950/162666 (12.3%)]  OK:17511  FAIL:2439  ETA:47.6h
  [20000/162666 (12.3%)]  OK:17558  FAIL:2442  ETA:47.6h
  [20050/162666 (12.3%)]  OK:17608  FAIL:2442  ETA:47.5h
  [20100/162666 (12.4%)]  OK:17649  FAIL:2451  ETA:47.5h
  [20150/162666 (12.4%)]  OK:17690  FAIL:2460  ETA:47.5h
  [20200/162666 (12.4%)]  OK:17734  FAIL:2466  ETA:47.5h
  [20250/162666 (12.4%)]  OK:17779  FAIL:2471  ETA:47.5h
  [20300/162666 (12.5%)]  OK:17828  FAIL:2472  ETA:47.5h
  [20350/162666 (12.5%)]  OK:17873  FAIL:2477  ETA:47.4h
  [20400/162666 (12.5%)]  OK:17917  FAIL:2483  ETA:47.4h
  [20450/162666 (12.6%)]  OK:17965  FAIL:2485  ETA:47.4h
  [20500/162666 (12.6%)]  OK:18008  FAIL:2492  ETA:47.4h
  [20550/162666 (12.6%)]  OK:18055  FAIL:2495  ETA:47.4h
  [20600/162666 (12.7%)]  OK:18105  FAIL:2495  ETA:47.4h
  [20650/162666 (12.7%)]  OK:18155  FAIL:2495  ETA:47.3h
  [20700/162666 (12.7%)]  OK:18204  FAIL:2496  ETA:47.3h
  [20750/162666 (12.8%)]  OK:18254  FAIL:2496  ETA:47.3h
  [20800/162666 (12.8%)]  OK:18304  FAIL:2496  ETA:47.3h
  [20850/162666 (12.8%)]  OK:18354  FAIL:2496  ETA:47.3h
  [20900/162666 (12.8%)]  OK:18402  FAIL:2498  ETA:47.3h
  [20950/162666 (12.9%)]  OK:18452  FAIL:2498  ETA:47.2h
  [21000/162666 (12.9%)]  OK:18502  FAIL:2498  ETA:47.2h
  [21050/162666 (12.9%)]  OK:18552  FAIL:2498  ETA:47.2h
  [21100/162666 (13.0%)]  OK:18601  FAIL:2499  ETA:47.2h
  [21150/162666 (13.0%)]  OK:18651  FAIL:2499  ETA:47.2h
  [21200/162666 (13.0%)]  OK:18700  FAIL:2500  ETA:47.2h
  [21250/162666 (13.1%)]  OK:18750  FAIL:2500  ETA:47.1h
  [21300/162666 (13.1%)]  OK:18800  FAIL:2500  ETA:47.1h
  [21350/162666 (13.1%)]  OK:18850  FAIL:2500  ETA:47.1h
  [21400/162666 (13.2%)]  OK:18900  FAIL:2500  ETA:47.1h
  [21450/162666 (13.2%)]  OK:18950  FAIL:2500  ETA:47.1h
  [21500/162666 (13.2%)]  OK:19000  FAIL:2500  ETA:47.1h
  [21550/162666 (13.2%)]  OK:19050  FAIL:2500  ETA:47.0h
  [21600/162666 (13.3%)]  OK:19098  FAIL:2502  ETA:47.0h
  [21650/162666 (13.3%)]  OK:19100  FAIL:2550  ETA:47.0h
  [21700/162666 (13.3%)]  OK:19100  FAIL:2600  ETA:47.0h
  [21750/162666 (13.4%)]  OK:19100  FAIL:2650  ETA:47.0h
  [21800/162666 (13.4%)]  OK:19100  FAIL:2700  ETA:47.0h
  [21850/162666 (13.4%)]  OK:19100  FAIL:2750  ETA:46.9h
  [21900/162666 (13.5%)]  OK:19100  FAIL:2800  ETA:46.9h
  [21950/162666 (13.5%)]  OK:19100  FAIL:2850  ETA:46.9h
  [22000/162666 (13.5%)]  OK:19100  FAIL:2900  ETA:46.9h
  [22050/162666 (13.6%)]  OK:19100  FAIL:2950  ETA:46.9h
  [22100/162666 (13.6%)]  OK:19148  FAIL:2952  ETA:46.9h
  [22150/162666 (13.6%)]  OK:19197  FAIL:2953  ETA:46.8h
  [22200/162666 (13.6%)]  OK:19245  FAIL:2955  ETA:46.8h
  [22250/162666 (13.7%)]  OK:19293  FAIL:2957  ETA:46.8h
  [22300/162666 (13.7%)]  OK:19340  FAIL:2960  ETA:46.8h
  [22350/162666 (13.7%)]  OK:19388  FAIL:2962  ETA:46.8h
  [22400/162666 (13.8%)]  OK:19437  FAIL:2963  ETA:46.8h
  [22450/162666 (13.8%)]  OK:19487  FAIL:2963  ETA:46.7h
  [22500/162666 (13.8%)]  OK:19514  FAIL:2986  ETA:46.7h
  [22550/162666 (13.9%)]  OK:19514  FAIL:3036  ETA:46.7h
  [22600/162666 (13.9%)]  OK:19514  FAIL:3086  ETA:46.7h
  [22650/162666 (13.9%)]  OK:19514  FAIL:3136  ETA:46.7h
  [22700/162666 (14.0%)]  OK:19514  FAIL:3186  ETA:46.7h
  [22750/162666 (14.0%)]  OK:19514  FAIL:3236  ETA:46.6h
  [22800/162666 (14.0%)]  OK:19514  FAIL:3286  ETA:46.6h
  [22850/162666 (14.0%)]  OK:19514  FAIL:3336  ETA:46.6h
  [22900/162666 (14.1%)]  OK:19514  FAIL:3386  ETA:46.6h
  [22950/162666 (14.1%)]  OK:19541  FAIL:3409  ETA:46.6h
  [23000/162666 (14.1%)]  OK:19591  FAIL:3409  ETA:46.6h
  [23050/162666 (14.2%)]  OK:19641  FAIL:3409  ETA:46.5h
  [23100/162666 (14.2%)]  OK:19691  FAIL:3409  ETA:46.5h
  [23150/162666 (14.2%)]  OK:19741  FAIL:3409  ETA:46.5h
  [23200/162666 (14.3%)]  OK:19791  FAIL:3409  ETA:46.5h
  [23250/162666 (14.3%)]  OK:19841  FAIL:3409  ETA:46.5h
  [23300/162666 (14.3%)]  OK:19890  FAIL:3410  ETA:46.5h
  [23350/162666 (14.4%)]  OK:19940  FAIL:3410  ETA:46.4h
  [23400/162666 (14.4%)]  OK:19990  FAIL:3410  ETA:46.4h
  [23450/162666 (14.4%)]  OK:20040  FAIL:3410  ETA:46.4h
  [23500/162666 (14.4%)]  OK:20090  FAIL:3410  ETA:46.4h
  [23550/162666 (14.5%)]  OK:20133  FAIL:3417  ETA:46.4h
  [23600/162666 (14.5%)]  OK:20173  FAIL:3427  ETA:46.4h
  [23650/162666 (14.5%)]  OK:20223  FAIL:3427  ETA:46.3h
  [23700/162666 (14.6%)]  OK:20273  FAIL:3427  ETA:46.3h
  [23750/162666 (14.6%)]  OK:20320  FAIL:3430  ETA:46.3h
  [23800/162666 (14.6%)]  OK:20368  FAIL:3432  ETA:46.3h
  [23850/162666 (14.7%)]  OK:20418  FAIL:3432  ETA:46.3h
  [23900/162666 (14.7%)]  OK:20467  FAIL:3433  ETA:46.3h
  [23950/162666 (14.7%)]  OK:20516  FAIL:3434  ETA:46.2h
  [24000/162666 (14.8%)]  OK:20566  FAIL:3434  ETA:46.2h
  [24050/162666 (14.8%)]  OK:20615  FAIL:3435  ETA:46.2h
  [24100/162666 (14.8%)]  OK:20665  FAIL:3435  ETA:46.2h
  [24150/162666 (14.8%)]  OK:20714  FAIL:3436  ETA:46.2h
  [24200/162666 (14.9%)]  OK:20761  FAIL:3439  ETA:46.2h
  [24250/162666 (14.9%)]  OK:20811  FAIL:3439  ETA:46.1h
  [24300/162666 (14.9%)]  OK:20861  FAIL:3439  ETA:46.1h
  [24350/162666 (15.0%)]  OK:20911  FAIL:3439  ETA:46.1h
  [24400/162666 (15.0%)]  OK:20961  FAIL:3439  ETA:46.1h
  [24450/162666 (15.0%)]  OK:21010  FAIL:3440  ETA:46.1h
  [24500/162666 (15.1%)]  OK:21060  FAIL:3440  ETA:46.1h
  [24550/162666 (15.1%)]  OK:21109  FAIL:3441  ETA:46.0h
  [24600/162666 (15.1%)]  OK:21159  FAIL:3441  ETA:46.0h
  [24650/162666 (15.2%)]  OK:21209  FAIL:3441  ETA:46.0h
  [24700/162666 (15.2%)]  OK:21258  FAIL:3442  ETA:46.0h
  [24750/162666 (15.2%)]  OK:21289  FAIL:3461  ETA:46.0h
  [24800/162666 (15.2%)]  OK:21338  FAIL:3462  ETA:46.0h
  [24850/162666 (15.3%)]  OK:21385  FAIL:3465  ETA:45.9h
  [24900/162666 (15.3%)]  OK:21435  FAIL:3465  ETA:45.9h
  [24950/162666 (15.3%)]  OK:21485  FAIL:3465  ETA:45.9h
  [25000/162666 (15.4%)]  OK:21534  FAIL:3466  ETA:45.9h
  [25050/162666 (15.4%)]  OK:21584  FAIL:3466  ETA:45.9h
  [25100/162666 (15.4%)]  OK:21634  FAIL:3466  ETA:45.9h
  [25150/162666 (15.5%)]  OK:21683  FAIL:3467  ETA:45.8h
  [25200/162666 (15.5%)]  OK:21733  FAIL:3467  ETA:45.8h
  [25250/162666 (15.5%)]  OK:21782  FAIL:3468  ETA:45.8h
  [25300/162666 (15.6%)]  OK:21830  FAIL:3470  ETA:45.8h
  [25350/162666 (15.6%)]  OK:21880  FAIL:3470  ETA:45.8h
  [25400/162666 (15.6%)]  OK:21930  FAIL:3470  ETA:45.8h
  [25450/162666 (15.6%)]  OK:21980  FAIL:3470  ETA:45.7h
  [25500/162666 (15.7%)]  OK:22028  FAIL:3472  ETA:45.7h
  [25550/162666 (15.7%)]  OK:22078  FAIL:3472  ETA:45.7h
  [25600/162666 (15.7%)]  OK:22127  FAIL:3473  ETA:45.7h
  [25650/162666 (15.8%)]  OK:22176  FAIL:3474  ETA:45.7h
  [25700/162666 (15.8%)]  OK:22226  FAIL:3474  ETA:45.7h
  [25750/162666 (15.8%)]  OK:22268  FAIL:3482  ETA:45.6h
  [25800/162666 (15.9%)]  OK:22318  FAIL:3482  ETA:45.6h
  [25850/162666 (15.9%)]  OK:22368  FAIL:3482  ETA:45.6h
  [25900/162666 (15.9%)]  OK:22418  FAIL:3482  ETA:45.6h
  [25950/162666 (16.0%)]  OK:22468  FAIL:3482  ETA:45.6h
  [26000/162666 (16.0%)]  OK:22518  FAIL:3482  ETA:45.6h
  [26050/162666 (16.0%)]  OK:22568  FAIL:3482  ETA:45.5h
  [26100/162666 (16.0%)]  OK:22617  FAIL:3483  ETA:45.5h
  [26150/162666 (16.1%)]  OK:22667  FAIL:3483  ETA:45.5h
  [26200/162666 (16.1%)]  OK:22717  FAIL:3483  ETA:45.5h
  [26250/162666 (16.1%)]  OK:22767  FAIL:3483  ETA:45.5h
  [26300/162666 (16.2%)]  OK:22816  FAIL:3484  ETA:45.5h
  [26350/162666 (16.2%)]  OK:22866  FAIL:3484  ETA:45.4h
  [26400/162666 (16.2%)]  OK:22916  FAIL:3484  ETA:45.4h
  [26450/162666 (16.3%)]  OK:22966  FAIL:3484  ETA:45.4h
  [26500/162666 (16.3%)]  OK:23016  FAIL:3484  ETA:45.4h
  [26550/162666 (16.3%)]  OK:23066  FAIL:3484  ETA:45.4h
  [26600/162666 (16.4%)]  OK:23116  FAIL:3484  ETA:45.4h
  [26650/162666 (16.4%)]  OK:23166  FAIL:3484  ETA:45.3h
  [26700/162666 (16.4%)]  OK:23186  FAIL:3514  ETA:45.3h
  [26750/162666 (16.4%)]  OK:23236  FAIL:3514  ETA:45.3h
  [26800/162666 (16.5%)]  OK:23285  FAIL:3515  ETA:45.3h
  [26850/162666 (16.5%)]  OK:23332  FAIL:3518  ETA:45.3h
  [26900/162666 (16.5%)]  OK:23380  FAIL:3520  ETA:45.3h
  [26950/162666 (16.6%)]  OK:23429  FAIL:3521  ETA:45.2h
  [27000/162666 (16.6%)]  OK:23479  FAIL:3521  ETA:45.2h
  [27050/162666 (16.6%)]  OK:23529  FAIL:3521  ETA:45.2h
  [27100/162666 (16.7%)]  OK:23579  FAIL:3521  ETA:45.2h
  [27150/162666 (16.7%)]  OK:23628  FAIL:3522  ETA:45.2h
  [27200/162666 (16.7%)]  OK:23678  FAIL:3522  ETA:45.2h
  [27250/162666 (16.8%)]  OK:23728  FAIL:3522  ETA:45.1h
  [27300/162666 (16.8%)]  OK:23778  FAIL:3522  ETA:45.1h
  [27350/162666 (16.8%)]  OK:23828  FAIL:3522  ETA:45.1h
  [27400/162666 (16.8%)]  OK:23878  FAIL:3522  ETA:45.1h
  [27450/162666 (16.9%)]  OK:23928  FAIL:3522  ETA:45.1h
  [27500/162666 (16.9%)]  OK:23978  FAIL:3522  ETA:45.1h
  [27550/162666 (16.9%)]  OK:24028  FAIL:3522  ETA:45.0h
  [27600/162666 (17.0%)]  OK:24078  FAIL:3522  ETA:45.0h
  [27650/162666 (17.0%)]  OK:24128  FAIL:3522  ETA:45.0h
  [27700/162666 (17.0%)]  OK:24178  FAIL:3522  ETA:45.0h
  [27750/162666 (17.1%)]  OK:24228  FAIL:3522  ETA:45.0h
  [27800/162666 (17.1%)]  OK:24278  FAIL:3522  ETA:45.0h
  [27850/162666 (17.1%)]  OK:24328  FAIL:3522  ETA:44.9h
  [27900/162666 (17.2%)]  OK:24378  FAIL:3522  ETA:44.9h
  [27950/162666 (17.2%)]  OK:24428  FAIL:3522  ETA:44.9h
  [28000/162666 (17.2%)]  OK:24478  FAIL:3522  ETA:44.9h
  [28050/162666 (17.2%)]  OK:24528  FAIL:3522  ETA:44.9h
  [28100/162666 (17.3%)]  OK:24578  FAIL:3522  ETA:44.9h
  [28150/162666 (17.3%)]  OK:24627  FAIL:3523  ETA:44.8h
  [28200/162666 (17.3%)]  OK:24677  FAIL:3523  ETA:44.8h
  [28250/162666 (17.4%)]  OK:24727  FAIL:3523  ETA:44.8h
  [28300/162666 (17.4%)]  OK:24777  FAIL:3523  ETA:44.8h
  [28350/162666 (17.4%)]  OK:24826  FAIL:3524  ETA:44.8h
  [28400/162666 (17.5%)]  OK:24876  FAIL:3524  ETA:44.8h
  [28450/162666 (17.5%)]  OK:24926  FAIL:3524  ETA:44.7h
  [28500/162666 (17.5%)]  OK:24976  FAIL:3524  ETA:44.7h
  [28550/162666 (17.6%)]  OK:25026  FAIL:3524  ETA:44.7h
  [28600/162666 (17.6%)]  OK:25076  FAIL:3524  ETA:44.7h
  [28650/162666 (17.6%)]  OK:25115  FAIL:3535  ETA:44.7h
  [28700/162666 (17.6%)]  OK:25165  FAIL:3535  ETA:44.7h
  [28750/162666 (17.7%)]  OK:25211  FAIL:3539  ETA:44.6h
  [28800/162666 (17.7%)]  OK:25261  FAIL:3539  ETA:44.6h
  [28850/162666 (17.7%)]  OK:25308  FAIL:3542  ETA:44.6h
  [28900/162666 (17.8%)]  OK:25357  FAIL:3543  ETA:44.6h
  [28950/162666 (17.8%)]  OK:25405  FAIL:3545  ETA:44.6h
  [29000/162666 (17.8%)]  OK:25452  FAIL:3548  ETA:44.6h
  [29050/162666 (17.9%)]  OK:25501  FAIL:3549  ETA:44.5h
  [29100/162666 (17.9%)]  OK:25550  FAIL:3550  ETA:44.5h
  [29150/162666 (17.9%)]  OK:25598  FAIL:3552  ETA:44.5h
  [29200/162666 (18.0%)]  OK:25646  FAIL:3554  ETA:44.5h
  [29250/162666 (18.0%)]  OK:25696  FAIL:3554  ETA:44.5h
  [29300/162666 (18.0%)]  OK:25743  FAIL:3557  ETA:44.5h
  [29350/162666 (18.0%)]  OK:25792  FAIL:3558  ETA:44.4h
  [29400/162666 (18.1%)]  OK:25842  FAIL:3558  ETA:44.4h
  [29450/162666 (18.1%)]  OK:25891  FAIL:3559  ETA:44.4h
  [29500/162666 (18.1%)]  OK:25941  FAIL:3559  ETA:44.4h
  [29550/162666 (18.2%)]  OK:25990  FAIL:3560  ETA:44.4h
  [29600/162666 (18.2%)]  OK:26029  FAIL:3571  ETA:44.4h
  [29650/162666 (18.2%)]  OK:26079  FAIL:3571  ETA:44.3h
  [29700/162666 (18.3%)]  OK:26129  FAIL:3571  ETA:44.3h
  [29750/162666 (18.3%)]  OK:26179  FAIL:3571  ETA:44.3h
  [29800/162666 (18.3%)]  OK:26229  FAIL:3571  ETA:44.3h
  Retry 1/2 for 1 Melaleuca Drive, clarinda VIC 3169, Australia... (fetch failed)
  [29850/162666 (18.4%)]  OK:26279  FAIL:3571  ETA:44.3h
  [29900/162666 (18.4%)]  OK:26328  FAIL:3572  ETA:44.3h
  [29950/162666 (18.4%)]  OK:26378  FAIL:3572  ETA:44.2h
  [30000/162666 (18.4%)]  OK:26427  FAIL:3573  ETA:44.2h
  Received SIGTERM — will stop after current address
[2026-07-06T01:03:27.877Z] Graceful stop.  Last checkpoint saved.
[2026-07-06T02:06:39.693Z] Starting geo-batch…
  Checkpoint: 26452 ok, 3576 fail, 30028 processed
  Remaining: 133089 unique addresses  (already cached: 30028)
  [30050/133089 (22.6%)]  OK:26474  FAIL:3576  ETA:34.3h
  [30100/133089 (22.6%)]  OK:26524  FAIL:3576  ETA:34.3h
  [30150/133089 (22.7%)]  OK:26573  FAIL:3577  ETA:34.3h
  [30200/133089 (22.7%)]  OK:26623  FAIL:3577  ETA:34.3h
  [30250/133089 (22.7%)]  OK:26673  FAIL:3577  ETA:34.3h
  [30300/133089 (22.8%)]  OK:26723  FAIL:3577  ETA:34.3h
  [30350/133089 (22.8%)]  OK:26773  FAIL:3577  ETA:34.2h
  [30400/133089 (22.8%)]  OK:26804  FAIL:3596  ETA:34.2h
  [30450/133089 (22.9%)]  OK:26828  FAIL:3622  ETA:34.2h
  [30500/133089 (22.9%)]  OK:26878  FAIL:3622  ETA:34.2h
  [30550/133089 (23.0%)]  OK:26927  FAIL:3623  ETA:34.2h
  [30600/133089 (23.0%)]  OK:26977  FAIL:3623  ETA:34.2h
  [30650/133089 (23.0%)]  OK:27027  FAIL:3623  ETA:34.1h
  [30700/133089 (23.1%)]  OK:27077  FAIL:3623  ETA:34.1h
  [30750/133089 (23.1%)]  OK:27127  FAIL:3623  ETA:34.1h
  [30800/133089 (23.1%)]  OK:27177  FAIL:3623  ETA:34.1h
  [30850/133089 (23.2%)]  OK:27226  FAIL:3624  ETA:34.1h
  [30900/133089 (23.2%)]  OK:27259  FAIL:3641  ETA:34.1h
  [30950/133089 (23.3%)]  OK:27308  FAIL:3642  ETA:34.0h
  [31000/133089 (23.3%)]  OK:27358  FAIL:3642  ETA:34.0h
  [31050/133089 (23.3%)]  OK:27408  FAIL:3642  ETA:34.0h
  [31100/133089 (23.4%)]  OK:27458  FAIL:3642  ETA:34.0h
  [31150/133089 (23.4%)]  OK:27508  FAIL:3642  ETA:34.0h
  [31200/133089 (23.4%)]  OK:27558  FAIL:3642  ETA:34.0h
  [31250/133089 (23.5%)]  OK:27607  FAIL:3643  ETA:33.9h
  [31300/133089 (23.5%)]  OK:27652  FAIL:3648  ETA:33.9h
  [31350/133089 (23.6%)]  OK:27701  FAIL:3649  ETA:33.9h
  [31400/133089 (23.6%)]  OK:27751  FAIL:3649  ETA:33.9h
  [31450/133089 (23.6%)]  OK:27800  FAIL:3650  ETA:33.9h
  [31500/133089 (23.7%)]  OK:27849  FAIL:3651  ETA:33.9h
  [31550/133089 (23.7%)]  OK:27899  FAIL:3651  ETA:33.8h
  [31600/133089 (23.7%)]  OK:27948  FAIL:3652  ETA:33.8h
  [31650/133089 (23.8%)]  OK:27998  FAIL:3652  ETA:33.8h
  [31700/133089 (23.8%)]  OK:28025  FAIL:3675  ETA:33.8h
  [31750/133089 (23.9%)]  OK:28062  FAIL:3688  ETA:33.8h
  [31800/133089 (23.9%)]  OK:28112  FAIL:3688  ETA:33.8h
  [31850/133089 (23.9%)]  OK:28160  FAIL:3690  ETA:33.7h
  [31900/133089 (24.0%)]  OK:28207  FAIL:3693  ETA:33.7h
  [31950/133089 (24.0%)]  OK:28256  FAIL:3694  ETA:33.7h
  [32000/133089 (24.0%)]  OK:28303  FAIL:3697  ETA:33.7h
  [32050/133089 (24.1%)]  OK:28350  FAIL:3700  ETA:33.7h
  [32100/133089 (24.1%)]  OK:28372  FAIL:3728  ETA:33.7h
  [32150/133089 (24.2%)]  OK:28420  FAIL:3730  ETA:33.6h
  [32200/133089 (24.2%)]  OK:28467  FAIL:3733  ETA:33.6h
  [32250/133089 (24.2%)]  OK:28516  FAIL:3734  ETA:33.6h
  [32300/133089 (24.3%)]  OK:28563  FAIL:3737  ETA:33.6h
  [32350/133089 (24.3%)]  OK:28611  FAIL:3739  ETA:33.6h
  [32400/133089 (24.3%)]  OK:28659  FAIL:3741  ETA:33.6h
  [32450/133089 (24.4%)]  OK:28709  FAIL:3741  ETA:33.5h
  [32500/133089 (24.4%)]  OK:28759  FAIL:3741  ETA:33.5h
  [32550/133089 (24.5%)]  OK:28804  FAIL:3746  ETA:33.5h
  [32600/133089 (24.5%)]  OK:28854  FAIL:3746  ETA:33.5h
  [32650/133089 (24.5%)]  OK:28904  FAIL:3746  ETA:33.5h
  [32700/133089 (24.6%)]  OK:28954  FAIL:3746  ETA:33.5h
  [32750/133089 (24.6%)]  OK:29003  FAIL:3747  ETA:33.4h
  [32800/133089 (24.6%)]  OK:29053  FAIL:3747  ETA:33.4h
  [32850/133089 (24.7%)]  OK:29103  FAIL:3747  ETA:33.4h
  [32900/133089 (24.7%)]  OK:29152  FAIL:3748  ETA:33.4h
  [32950/133089 (24.8%)]  OK:29202  FAIL:3748  ETA:33.4h
  [33000/133089 (24.8%)]  OK:29252  FAIL:3748  ETA:33.4h
  [33050/133089 (24.8%)]  OK:29301  FAIL:3749  ETA:33.3h
  [33100/133089 (24.9%)]  OK:29349  FAIL:3751  ETA:33.3h
  [33150/133089 (24.9%)]  OK:29397  FAIL:3753  ETA:33.3h
  [33200/133089 (24.9%)]  OK:29444  FAIL:3756  ETA:33.3h
  [33250/133089 (25.0%)]  OK:29491  FAIL:3759  ETA:33.3h
  [33300/133089 (25.0%)]  OK:29536  FAIL:3764  ETA:33.3h
  [33350/133089 (25.1%)]  OK:29586  FAIL:3764  ETA:33.2h
  [33400/133089 (25.1%)]  OK:29630  FAIL:3770  ETA:33.2h
  [33450/133089 (25.1%)]  OK:29680  FAIL:3770  ETA:33.2h
  [33500/133089 (25.2%)]  OK:29730  FAIL:3770  ETA:33.2h
  [33550/133089 (25.2%)]  OK:29780  FAIL:3770  ETA:33.2h
  [33600/133089 (25.2%)]  OK:29826  FAIL:3774  ETA:33.2h
  [33650/133089 (25.3%)]  OK:29866  FAIL:3784  ETA:33.1h
  [33700/133089 (25.3%)]  OK:29914  FAIL:3786  ETA:33.1h
  [33750/133089 (25.4%)]  OK:29960  FAIL:3790  ETA:33.1h
  [33800/133089 (25.4%)]  OK:30000  FAIL:3800  ETA:33.1h
  [33850/133089 (25.4%)]  OK:30045  FAIL:3805  ETA:33.1h
  [33900/133089 (25.5%)]  OK:30093  FAIL:3807  ETA:33.1h
  [33950/133089 (25.5%)]  OK:30139  FAIL:3811  ETA:33.0h
  [34000/133089 (25.5%)]  OK:30186  FAIL:3814  ETA:33.0h
  [34050/133089 (25.6%)]  OK:30235  FAIL:3815  ETA:33.0h
  [34100/133089 (25.6%)]  OK:30284  FAIL:3816  ETA:33.0h
  [34150/133089 (25.7%)]  OK:30329  FAIL:3821  ETA:33.0h
  [34200/133089 (25.7%)]  OK:30377  FAIL:3823  ETA:33.0h
  [34250/133089 (25.7%)]  OK:30424  FAIL:3826  ETA:32.9h
  [34300/133089 (25.8%)]  OK:30471  FAIL:3829  ETA:32.9h
  [34350/133089 (25.8%)]  OK:30516  FAIL:3834  ETA:32.9h
  [34400/133089 (25.8%)]  OK:30561  FAIL:3839  ETA:32.9h
  [34450/133089 (25.9%)]  OK:30608  FAIL:3842  ETA:32.9h
  [34500/133089 (25.9%)]  OK:30653  FAIL:3847  ETA:32.9h
  [34550/133089 (26.0%)]  OK:30694  FAIL:3856  ETA:32.8h
  [34600/133089 (26.0%)]  OK:30726  FAIL:3874  ETA:32.8h
  [34650/133089 (26.0%)]  OK:30770  FAIL:3880  ETA:32.8h
  [34700/133089 (26.1%)]  OK:30820  FAIL:3880  ETA:32.8h
  [34750/133089 (26.1%)]  OK:30870  FAIL:3880  ETA:32.8h
  [34800/133089 (26.1%)]  OK:30920  FAIL:3880  ETA:32.8h
  [34850/133089 (26.2%)]  OK:30969  FAIL:3881  ETA:32.7h
  [34900/133089 (26.2%)]  OK:31016  FAIL:3884  ETA:32.7h
  [34950/133089 (26.3%)]  OK:31066  FAIL:3884  ETA:32.7h
  [35000/133089 (26.3%)]  OK:31116  FAIL:3884  ETA:32.7h
  [35050/133089 (26.3%)]  OK:31166  FAIL:3884  ETA:32.7h
  [35100/133089 (26.4%)]  OK:31215  FAIL:3885  ETA:32.7h
  [35150/133089 (26.4%)]  OK:31232  FAIL:3918  ETA:32.6h
  [35200/133089 (26.4%)]  OK:31266  FAIL:3934  ETA:32.6h
  [35250/133089 (26.5%)]  OK:31315  FAIL:3935  ETA:32.6h
  [35300/133089 (26.5%)]  OK:31359  FAIL:3941  ETA:32.6h
  [35350/133089 (26.6%)]  OK:31407  FAIL:3943  ETA:32.6h
  [35400/133089 (26.6%)]  OK:31456  FAIL:3944  ETA:32.6h
  [35450/133089 (26.6%)]  OK:31505  FAIL:3945  ETA:32.5h
  [35500/133089 (26.7%)]  OK:31555  FAIL:3945  ETA:32.5h
  [35550/133089 (26.7%)]  OK:31605  FAIL:3945  ETA:32.5h
  [35600/133089 (26.7%)]  OK:31655  FAIL:3945  ETA:32.5h
  [35650/133089 (26.8%)]  OK:31700  FAIL:3950  ETA:32.5h
  [35700/133089 (26.8%)]  OK:31749  FAIL:3951  ETA:32.5h
  [35750/133089 (26.9%)]  OK:31799  FAIL:3951  ETA:32.4h
  [35800/133089 (26.9%)]  OK:31849  FAIL:3951  ETA:32.4h
  [35850/133089 (26.9%)]  OK:31898  FAIL:3952  ETA:32.4h
  [35900/133089 (27.0%)]  OK:31948  FAIL:3952  ETA:32.4h
  [35950/133089 (27.0%)]  OK:31998  FAIL:3952  ETA:32.4h
  [36000/133089 (27.0%)]  OK:32046  FAIL:3954  ETA:32.4h
  [36050/133089 (27.1%)]  OK:32096  FAIL:3954  ETA:32.3h
  [36100/133089 (27.1%)]  OK:32146  FAIL:3954  ETA:32.3h
  [36150/133089 (27.2%)]  OK:32193  FAIL:3957  ETA:32.3h
  [36200/133089 (27.2%)]  OK:32242  FAIL:3958  ETA:32.3h
  [36250/133089 (27.2%)]  OK:32292  FAIL:3958  ETA:32.3h
  [36300/133089 (27.3%)]  OK:32342  FAIL:3958  ETA:32.3h
  [36350/133089 (27.3%)]  OK:32391  FAIL:3959  ETA:32.2h
  [36400/133089 (27.4%)]  OK:32440  FAIL:3960  ETA:32.2h
  [36450/133089 (27.4%)]  OK:32490  FAIL:3960  ETA:32.2h
  [36500/133089 (27.4%)]  OK:32539  FAIL:3961  ETA:32.2h
  [36550/133089 (27.5%)]  OK:32589  FAIL:3961  ETA:32.2h
  [36600/133089 (27.5%)]  OK:32637  FAIL:3963  ETA:32.2h
  [36650/133089 (27.5%)]  OK:32685  FAIL:3965  ETA:32.1h
  [36700/133089 (27.6%)]  OK:32731  FAIL:3969  ETA:32.1h
  [36750/133089 (27.6%)]  OK:32781  FAIL:3969  ETA:32.1h
  [36800/133089 (27.7%)]  OK:32830  FAIL:3970  ETA:32.1h
  [36850/133089 (27.7%)]  OK:32879  FAIL:3971  ETA:32.1h
  [36900/133089 (27.7%)]  OK:32928  FAIL:3972  ETA:32.1h
  [36950/133089 (27.8%)]  OK:32978  FAIL:3972  ETA:32.0h
  [37000/133089 (27.8%)]  OK:33005  FAIL:3995  ETA:32.0h
  [37050/133089 (27.8%)]  OK:33048  FAIL:4002  ETA:32.0h
  [37100/133089 (27.9%)]  OK:33097  FAIL:4003  ETA:32.0h
  [37150/133089 (27.9%)]  OK:33147  FAIL:4003  ETA:32.0h
  [37200/133089 (28.0%)]  OK:33196  FAIL:4004  ETA:32.0h
  [37250/133089 (28.0%)]  OK:33245  FAIL:4005  ETA:31.9h
  [37300/133089 (28.0%)]  OK:33295  FAIL:4005  ETA:31.9h
  [37350/133089 (28.1%)]  OK:33344  FAIL:4006  ETA:31.9h
  [37400/133089 (28.1%)]  OK:33393  FAIL:4007  ETA:31.9h
  [37450/133089 (28.1%)]  OK:33442  FAIL:4008  ETA:31.9h
  [37500/133089 (28.2%)]  OK:33492  FAIL:4008  ETA:31.9h
  [37550/133089 (28.2%)]  OK:33534  FAIL:4016  ETA:31.8h
  [37600/133089 (28.3%)]  OK:33570  FAIL:4030  ETA:31.8h
  [37650/133089 (28.3%)]  OK:33620  FAIL:4030  ETA:31.8h
  [37700/133089 (28.3%)]  OK:33668  FAIL:4032  ETA:31.8h
  [37750/133089 (28.4%)]  OK:33718  FAIL:4032  ETA:31.8h
  [37800/133089 (28.4%)]  OK:33767  FAIL:4033  ETA:31.8h
  [37850/133089 (28.4%)]  OK:33810  FAIL:4040  ETA:31.7h
  [37900/133089 (28.5%)]  OK:33853  FAIL:4047  ETA:31.7h
  [37950/133089 (28.5%)]  OK:33899  FAIL:4051  ETA:31.7h
  [38000/133089 (28.6%)]  OK:33946  FAIL:4054  ETA:31.7h
  [38050/133089 (28.6%)]  OK:33995  FAIL:4055  ETA:31.7h
  [38100/133089 (28.6%)]  OK:34042  FAIL:4058  ETA:31.7h
  [38150/133089 (28.7%)]  OK:34087  FAIL:4063  ETA:31.6h
  [38200/133089 (28.7%)]  OK:34137  FAIL:4063  ETA:31.6h
  [38250/133089 (28.7%)]  OK:34186  FAIL:4064  ETA:31.6h
  [38300/133089 (28.8%)]  OK:34234  FAIL:4066  ETA:31.6h
  [38350/133089 (28.8%)]  OK:34284  FAIL:4066  ETA:31.6h
  [38400/133089 (28.9%)]  OK:34334  FAIL:4066  ETA:31.6h
  [38450/133089 (28.9%)]  OK:34384  FAIL:4066  ETA:31.5h
  [38500/133089 (28.9%)]  OK:34434  FAIL:4066  ETA:31.5h
  [38550/133089 (29.0%)]  OK:34484  FAIL:4066  ETA:31.5h
  [38600/133089 (29.0%)]  OK:34534  FAIL:4066  ETA:31.5h
  [38650/133089 (29.0%)]  OK:34583  FAIL:4067  ETA:31.5h
  [38700/133089 (29.1%)]  OK:34633  FAIL:4067  ETA:31.5h
  [38750/133089 (29.1%)]  OK:34679  FAIL:4071  ETA:31.4h
  [38800/133089 (29.2%)]  OK:34729  FAIL:4071  ETA:31.4h
  [38850/133089 (29.2%)]  OK:34779  FAIL:4071  ETA:31.4h
  [38900/133089 (29.2%)]  OK:34829  FAIL:4071  ETA:31.4h
  [38950/133089 (29.3%)]  OK:34879  FAIL:4071  ETA:31.4h
  [39000/133089 (29.3%)]  OK:34929  FAIL:4071  ETA:31.4h
  [39050/133089 (29.3%)]  OK:34979  FAIL:4071  ETA:31.3h
  [39100/133089 (29.4%)]  OK:35029  FAIL:4071  ETA:31.3h
  [39150/133089 (29.4%)]  OK:35079  FAIL:4071  ETA:31.3h
  [39200/133089 (29.5%)]  OK:35129  FAIL:4071  ETA:31.3h
  [39250/133089 (29.5%)]  OK:35179  FAIL:4071  ETA:31.3h
  [39300/133089 (29.5%)]  OK:35229  FAIL:4071  ETA:31.3h
  [39350/133089 (29.6%)]  OK:35279  FAIL:4071  ETA:31.2h
  [39400/133089 (29.6%)]  OK:35329  FAIL:4071  ETA:31.2h
  [39450/133089 (29.6%)]  OK:35379  FAIL:4071  ETA:31.2h
  [39500/133089 (29.7%)]  OK:35429  FAIL:4071  ETA:31.2h
  [39550/133089 (29.7%)]  OK:35479  FAIL:4071  ETA:31.2h
  [39600/133089 (29.8%)]  OK:35529  FAIL:4071  ETA:31.2h
  [39650/133089 (29.8%)]  OK:35578  FAIL:4072  ETA:31.1h
  [39700/133089 (29.8%)]  OK:35628  FAIL:4072  ETA:31.1h
  [39750/133089 (29.9%)]  OK:35678  FAIL:4072  ETA:31.1h
  [39800/133089 (29.9%)]  OK:35728  FAIL:4072  ETA:31.1h
  [39850/133089 (29.9%)]  OK:35778  FAIL:4072  ETA:31.1h
  [39900/133089 (30.0%)]  OK:35828  FAIL:4072  ETA:31.1h
  [39950/133089 (30.0%)]  OK:35878  FAIL:4072  ETA:31.0h
  [40000/133089 (30.1%)]  OK:35927  FAIL:4073  ETA:31.0h
  [40050/133089 (30.1%)]  OK:35977  FAIL:4073  ETA:31.0h
  [40100/133089 (30.1%)]  OK:36026  FAIL:4074  ETA:31.0h
  [40150/133089 (30.2%)]  OK:36075  FAIL:4075  ETA:31.0h
  [40200/133089 (30.2%)]  OK:36125  FAIL:4075  ETA:31.0h
  [40250/133089 (30.2%)]  OK:36175  FAIL:4075  ETA:30.9h
  [40300/133089 (30.3%)]  OK:36225  FAIL:4075  ETA:30.9h
  [40350/133089 (30.3%)]  OK:36274  FAIL:4076  ETA:30.9h
  [40400/133089 (30.4%)]  OK:36322  FAIL:4078  ETA:30.9h
  [40450/133089 (30.4%)]  OK:36372  FAIL:4078  ETA:30.9h
  [40500/133089 (30.4%)]  OK:36421  FAIL:4079  ETA:30.9h
  [40550/133089 (30.5%)]  OK:36470  FAIL:4080  ETA:30.8h
  [40600/133089 (30.5%)]  OK:36520  FAIL:4080  ETA:30.8h
  [40650/133089 (30.5%)]  OK:36546  FAIL:4104  ETA:30.8h
  [40700/133089 (30.6%)]  OK:36550  FAIL:4150  ETA:30.8h
  [40750/133089 (30.6%)]  OK:36553  FAIL:4197  ETA:30.8h
  [40800/133089 (30.7%)]  OK:36554  FAIL:4246  ETA:30.8h
  [40850/133089 (30.7%)]  OK:36604  FAIL:4246  ETA:30.7h
  [40900/133089 (30.7%)]  OK:36654  FAIL:4246  ETA:30.7h
  [40950/133089 (30.8%)]  OK:36703  FAIL:4247  ETA:30.7h
  [41000/133089 (30.8%)]  OK:36753  FAIL:4247  ETA:30.7h
  [41050/133089 (30.8%)]  OK:36802  FAIL:4248  ETA:30.7h
  [41100/133089 (30.9%)]  OK:36852  FAIL:4248  ETA:30.7h
  [41150/133089 (30.9%)]  OK:36902  FAIL:4248  ETA:30.6h
  [41200/133089 (31.0%)]  OK:36952  FAIL:4248  ETA:30.6h
  [41250/133089 (31.0%)]  OK:37001  FAIL:4249  ETA:30.6h
  [41300/133089 (31.0%)]  OK:37051  FAIL:4249  ETA:30.6h
  [41350/133089 (31.1%)]  OK:37101  FAIL:4249  ETA:30.6h
  [41400/133089 (31.1%)]  OK:37151  FAIL:4249  ETA:30.6h
  [41450/133089 (31.1%)]  OK:37200  FAIL:4250  ETA:30.5h
  [41500/133089 (31.2%)]  OK:37249  FAIL:4251  ETA:30.5h
  [41550/133089 (31.2%)]  OK:37298  FAIL:4252  ETA:30.5h
  [41600/133089 (31.3%)]  OK:37348  FAIL:4252  ETA:30.5h
  [41650/133089 (31.3%)]  OK:37397  FAIL:4253  ETA:30.5h
  [41700/133089 (31.3%)]  OK:37444  FAIL:4256  ETA:30.5h
  [41750/133089 (31.4%)]  OK:37490  FAIL:4260  ETA:30.4h
  [41800/133089 (31.4%)]  OK:37537  FAIL:4263  ETA:30.4h
  [41850/133089 (31.4%)]  OK:37587  FAIL:4263  ETA:30.4h
  [41900/133089 (31.5%)]  OK:37637  FAIL:4263  ETA:30.4h
  [41950/133089 (31.5%)]  OK:37685  FAIL:4265  ETA:30.4h
  [42000/133089 (31.6%)]  OK:37685  FAIL:4315  ETA:30.4h
  [42050/133089 (31.6%)]  OK:37685  FAIL:4365  ETA:30.3h
  [42100/133089 (31.6%)]  OK:37685  FAIL:4415  ETA:30.3h
  [42150/133089 (31.7%)]  OK:37685  FAIL:4465  ETA:30.3h
  [42200/133089 (31.7%)]  OK:37685  FAIL:4515  ETA:30.3h
  [42250/133089 (31.7%)]  OK:37685  FAIL:4565  ETA:30.3h
  [42300/133089 (31.8%)]  OK:37685  FAIL:4615  ETA:30.3h
  [42350/133089 (31.8%)]  OK:37685  FAIL:4665  ETA:30.2h
  [42400/133089 (31.9%)]  OK:37685  FAIL:4715  ETA:30.2h
  [42450/133089 (31.9%)]  OK:37685  FAIL:4765  ETA:30.2h
  [42500/133089 (31.9%)]  OK:37685  FAIL:4815  ETA:30.2h
  [42550/133089 (32.0%)]  OK:37685  FAIL:4865  ETA:30.2h
  [42600/133089 (32.0%)]  OK:37685  FAIL:4915  ETA:30.2h
  [42650/133089 (32.0%)]  OK:37685  FAIL:4965  ETA:30.1h
  [42700/133089 (32.1%)]  OK:37685  FAIL:5015  ETA:30.1h
  [42750/133089 (32.1%)]  OK:37685  FAIL:5065  ETA:30.1h
  [42800/133089 (32.2%)]  OK:37685  FAIL:5115  ETA:30.1h
  [42850/133089 (32.2%)]  OK:37711  FAIL:5139  ETA:30.1h
  [42900/133089 (32.2%)]  OK:37757  FAIL:5143  ETA:30.1h
  [42950/133089 (32.3%)]  OK:37802  FAIL:5148  ETA:30.0h
  [43000/133089 (32.3%)]  OK:37852  FAIL:5148  ETA:30.0h
  [43050/133089 (32.3%)]  OK:37901  FAIL:5149  ETA:30.0h
  [43100/133089 (32.4%)]  OK:37951  FAIL:5149  ETA:30.0h
  [43150/133089 (32.4%)]  OK:38001  FAIL:5149  ETA:30.0h
  [43200/133089 (32.5%)]  OK:38051  FAIL:5149  ETA:30.0h
  [43250/133089 (32.5%)]  OK:38101  FAIL:5149  ETA:29.9h
  [43300/133089 (32.5%)]  OK:38151  FAIL:5149  ETA:29.9h
  [43350/133089 (32.6%)]  OK:38201  FAIL:5149  ETA:29.9h
  [43400/133089 (32.6%)]  OK:38238  FAIL:5162  ETA:29.9h
  [43450/133089 (32.6%)]  OK:38284  FAIL:5166  ETA:29.9h
  [43500/133089 (32.7%)]  OK:38332  FAIL:5168  ETA:29.9h
